// Jest Snapshot v1, https://goo.gl/fbAQLP

exports[`flows.runs getAll 1`] = `
{
  "headers": {
    "accept": "*/*",
    "accept-encoding": "gzip,deflate",
    "connection": "close",
    "host": "flows.globus.org",
    "user-agent": "node-fetch/1.0 (+https://github.com/bitinn/node-fetch)",
  },
  "method": "GET",
  "url": "https://flows.globus.org/runs",
}
`;
