// Jest Snapshot v1, https://goo.gl/fbAQLP

exports[`next endpointSearch 1`] = `
{
  "headers": {
    "accept": "*/*",
    "accept-encoding": "gzip,deflate",
    "connection": "close",
    "host": "transfer.api.globus.org",
    "user-agent": "node-fetch/1.0 (+https://github.com/bitinn/node-fetch)",
  },
  "method": "GET",
  "url": "https://transfer.api.globus.org/v0.10/endpoint_search?filter_fulltext=my+search+string&limit=10",
}
`;
