// Jest Snapshot v1, https://jestjs.io/docs/snapshot-testing

exports[`gcs - versioning info 1`] = `
{
  "headers": {
    "accept": "*/*",
    "accept-encoding": "gzip,deflate",
    "connection": "close",
    "host": "fa5e.bd7c.data.globus.org",
    "user-agent": "node-fetch/1.0 (+https://github.com/bitinn/node-fetch)",
  },
  "method": "GET",
  "url": "https://fa5e.bd7c.data.globus.org/api/info",
}
`;

exports[`gcs - versioning next info 1`] = `
{
  "headers": {
    "accept": "*/*",
    "accept-encoding": "gzip,deflate",
    "connection": "close",
    "host": "fa5e.bd7c.data.globus.org",
    "user-agent": "node-fetch/1.0 (+https://github.com/bitinn/node-fetch)",
  },
  "method": "GET",
  "url": "https://fa5e.bd7c.data.globus.org/api/info",
}
`;
